// Jest Snapshot v1, https://goo.gl/fbAQLP

exports[`<Form /> renders correctly 1`] = `
<form
  className="form-inline"
  onSubmit={[MockFunction]}
>
  <div
    className="form-group"
  >
    <input
      className="form-control"
      id="city"
      placeholder="City"
      type="text"
    />
  </div>
  <button
    className="btn btn-default"
    type="submit"
  >
    Search
  </button>
</form>
`;
